{
  "content": [
    {
      "attrs": {
        "level": 1
      },
      "content": [
        {
          "text": "Heading 1",
          "type": "text"
        }
      ],
      "type": "heading"
    },
    {
      "attrs": {
        "level": 2
      },
      "content": [
        {
          "text": "Heading 2",
          "type": "text"
        }
      ],
      "type": "heading"
    },
    {
      "attrs": {
        "level": 3
      },
      "content": [
        {
          "text": "Heading 3",
          "type": "text"
        }
      ],
      "type": "heading"
    },
    {
      "attrs": {
        "level": 4
      },
      "content": [
        {
          "text": "Heading 4",
          "type": "text"
        }
      ],
      "type": "heading"
    },
    {
      "attrs": {
        "level": 5
      },
      "content": [
        {
          "text": "Heading 5",
          "type": "text"
        }
      ],
      "type": "heading"
    },
    {
      "attrs": {
        "level": 6
      },
      "content": [
        {
          "text": "Heading 6",
          "type": "text"
        }
      ],
      "type": "heading"
    }
  ],
  "type": "doc",
  "version": 1
}