{
  "content": [
    {
      "content": [
        {
          "content": [
            {
              "content": [
                {
                  "text": "item one",
                  "type": "text"
                }
              ],
              "type": "paragraph"
            }
          ],
          "type": "listItem"
        },
        {
          "content": [
            {
              "content": [
                {
                  "text": "item two",
                  "type": "text"
                }
              ],
              "type": "paragraph"
            }
          ],
          "type": "listItem"
        },
        {
          "content": [
            {
              "content": [
                {
                  "text": "item three",
                  "type": "text"
                }
              ],
              "type": "paragraph"
            }
          ],
          "type": "listItem"
        }
      ],
      "type": "bulletList"
    },
    {
      "content": [
        {
          "content": [
            {
              "content": [
                {
                  "text": "first",
                  "type": "text"
                }
              ],
              "type": "paragraph"
            }
          ],
          "type": "listItem"
        },
        {
          "content": [
            {
              "content": [
                {
                  "text": "second",
                  "type": "text"
                }
              ],
              "type": "paragraph"
            }
          ],
          "type": "listItem"
        },
        {
          "content": [
            {
              "content": [
                {
                  "text": "third",
                  "type": "text"
                }
              ],
              "type": "paragraph"
            }
          ],
          "type": "listItem"
        }
      ],
      "type": "orderedList"
    }
  ],
  "type": "doc",
  "version": 1
}