{
  "content": [
    {
      "attrs": {
        "isNumberColumnEnabled": false,
        "layout": "default"
      },
      "content": [
        {
          "content": [
            {
              "content": [
                {
                  "content": [
                    {
                      "text": "Name",
                      "type": "text"
                    }
                  ],
                  "type": "paragraph"
                }
              ],
              "type": "tableHeader"
            },
            {
              "content": [
                {
                  "content": [
                    {
                      "text": "Age",
                      "type": "text"
                    }
                  ],
                  "type": "paragraph"
                }
              ],
              "type": "tableHeader"
            }
          ],
          "type": "tableRow"
        },
        {
          "content": [
            {
              "content": [
                {
                  "content": [
                    {
                      "text": "Alice",
                      "type": "text"
                    }
                  ],
                  "type": "paragraph"
                }
              ],
              "type": "tableCell"
            },
            {
              "content": [
                {
                  "content": [
                    {
                      "text": "30",
                      "type": "text"
                    }
                  ],
                  "type": "paragraph"
                }
              ],
              "type": "tableCell"
            }
          ],
          "type": "tableRow"
        },
        {
          "content": [
            {
              "content": [
                {
                  "content": [
                    {
                      "text": "Bob",
                      "type": "text"
                    }
                  ],
                  "type": "paragraph"
                }
              ],
              "type": "tableCell"
            },
            {
              "content": [
                {
                  "content": [
                    {
                      "text": "25",
                      "type": "text"
                    }
                  ],
                  "type": "paragraph"
                }
              ],
              "type": "tableCell"
            }
          ],
          "type": "tableRow"
        }
      ],
      "type": "table"
    }
  ],
  "type": "doc",
  "version": 1
}